// Vitest Snapshot v1, https://vitest.dev/guide/snapshot.html

exports[`simulation > collaborating bird stories > 1 bird 1 skill 1 story 1`] = `
"1 bird 1 story 1 skill

Time 0 state:
State: Bird(1,0,0,0) at 10, 20

Time 1 state:
State: Bird(1,0,0,0) at 10, 20

Time 2 state:
State: Bird(1,0,0,0) at 10, 20

Time 3 state:
State: Bird(1,0,0,0) at 10, 20

Time 4 state:
State: Bird(1,0,0,0) at 10, 20

Time 5 state:
State: Bird(1,0,0,0) at 10, 20

Time 6 state:
State: Bird(1,0,0,0) at 10, 20

Time 7 state:
State: Bird(1,0,0,0) at 10, 20

Time 8 state:
State: Bird(1,0,0,0) at 10, 20"
`;
